In file included from <built-in>:308:
In file included from <command line>:2:
In file included from /home/xgong/Develop/apps/libclc/usr/local/include/clc/clc.h:35:
In file included from /home/xgong/Develop/apps/libclc/usr/local/include/clc/math/acos.h:2:
In file included from /home/xgong/Develop/apps/libclc/usr/local/include/clc/math/gentype.inc:6:
/home/xgong/Develop/apps/libclc/usr/local/include/clc/math/acos.inc:1:39: warning: incompatible redeclaration of library function 'acos' [-Wincompatible-library-redeclaration]
_CLC_OVERLOAD _CLC_DECL __CLC_GENTYPE acos(__CLC_GENTYPE x);
                                      ^
/home/xgong/Develop/apps/libclc/usr/local/include/clc/math/acos.inc:1:39: note: 'acos' is a builtin with type 'double (double)'
In file included from <built-in>:308:
In file included from <command line>:2:
In file included from /home/xgong/Develop/apps/libclc/usr/local/include/clc/clc.h:36:
In file included from /home/xgong/Develop/apps/libclc/usr/local/include/clc/math/acosh.h:24:
In file included from /home/xgong/Develop/apps/libclc/usr/local/include/clc/math/gentype.inc:6:
/home/xgong/Develop/apps/libclc/usr/local/include/clc/math/acosh.inc:23:39: warning: incompatible redeclaration of library function 'acosh' [-Wincompatible-library-redeclaration]
_CLC_OVERLOAD _CLC_DECL __CLC_GENTYPE acosh(__CLC_GENTYPE x);
                                      ^
/home/xgong/Develop/apps/libclc/usr/local/include/clc/math/acosh.inc:23:39: note: 'acosh' is a builtin with type 'double (double)'
In file included from <built-in>:308:
In file included from <command line>:2:
In file included from /home/xgong/Develop/apps/libclc/usr/local/include/clc/clc.h:38:
In file included from /home/xgong/Develop/apps/libclc/usr/local/include/clc/math/asin.h:2:
In file included from /home/xgong/Develop/apps/libclc/usr/local/include/clc/math/gentype.inc:6:
/home/xgong/Develop/apps/libclc/usr/local/include/clc/math/asin.inc:1:39: warning: incompatible redeclaration of library function 'asin' [-Wincompatible-library-redeclaration]
_CLC_OVERLOAD _CLC_DECL __CLC_GENTYPE asin(__CLC_GENTYPE x);
                                      ^
/home/xgong/Develop/apps/libclc/usr/local/include/clc/math/asin.inc:1:39: note: 'asin' is a builtin with type 'double (double)'
In file included from <built-in>:308:
In file included from <command line>:2:
In file included from /home/xgong/Develop/apps/libclc/usr/local/include/clc/clc.h:39:
In file included from /home/xgong/Develop/apps/libclc/usr/local/include/clc/math/asinh.h:24:
In file included from /home/xgong/Develop/apps/libclc/usr/local/include/clc/math/gentype.inc:6:
/home/xgong/Develop/apps/libclc/usr/local/include/clc/math/asinh.inc:23:39: warning: incompatible redeclaration of library function 'asinh' [-Wincompatible-library-redeclaration]
_CLC_OVERLOAD _CLC_DECL __CLC_GENTYPE asinh(__CLC_GENTYPE x);
                                      ^
/home/xgong/Develop/apps/libclc/usr/local/include/clc/math/asinh.inc:23:39: note: 'asinh' is a builtin with type 'double (double)'
In file included from <built-in>:308:
In file included from <command line>:2:
In file included from /home/xgong/Develop/apps/libclc/usr/local/include/clc/clc.h:41:
In file included from /home/xgong/Develop/apps/libclc/usr/local/include/clc/math/atan.h:24:
In file included from /home/xgong/Develop/apps/libclc/usr/local/include/clc/math/gentype.inc:6:
/home/xgong/Develop/apps/libclc/usr/local/include/clc/math/atan.inc:23:39: warning: incompatible redeclaration of library function 'atan' [-Wincompatible-library-redeclaration]
_CLC_OVERLOAD _CLC_DECL __CLC_GENTYPE atan(__CLC_GENTYPE a);
                                      ^
/home/xgong/Develop/apps/libclc/usr/local/include/clc/math/atan.inc:23:39: note: 'atan' is a builtin with type 'double (double)'
In file included from <built-in>:308:
In file included from <command line>:2:
In file included from /home/xgong/Develop/apps/libclc/usr/local/include/clc/clc.h:42:
In file included from /home/xgong/Develop/apps/libclc/usr/local/include/clc/math/atan2.h:24:
In file included from /home/xgong/Develop/apps/libclc/usr/local/include/clc/math/gentype.inc:6:
/home/xgong/Develop/apps/libclc/usr/local/include/clc/math/atan2.inc:23:39: warning: incompatible redeclaration of library function 'atan2' [-Wincompatible-library-redeclaration]
_CLC_OVERLOAD _CLC_DECL __CLC_GENTYPE atan2(__CLC_GENTYPE a, __CLC_GENTYPE b);
                                      ^
/home/xgong/Develop/apps/libclc/usr/local/include/clc/math/atan2.inc:23:39: note: 'atan2' is a builtin with type 'double (double, double)'
In file included from <built-in>:308:
In file included from <command line>:2:
In file included from /home/xgong/Develop/apps/libclc/usr/local/include/clc/clc.h:44:
In file included from /home/xgong/Develop/apps/libclc/usr/local/include/clc/math/atanh.h:24:
In file included from /home/xgong/Develop/apps/libclc/usr/local/include/clc/math/gentype.inc:6:
/home/xgong/Develop/apps/libclc/usr/local/include/clc/math/atanh.inc:23:39: warning: incompatible redeclaration of library function 'atanh' [-Wincompatible-library-redeclaration]
_CLC_OVERLOAD _CLC_DECL __CLC_GENTYPE atanh(__CLC_GENTYPE x);
                                      ^
/home/xgong/Develop/apps/libclc/usr/local/include/clc/math/atanh.inc:23:39: note: 'atanh' is a builtin with type 'double (double)'
In file included from <built-in>:308:
In file included from <command line>:2:
In file included from /home/xgong/Develop/apps/libclc/usr/local/include/clc/clc.h:46:
In file included from /home/xgong/Develop/apps/libclc/usr/local/include/clc/math/copysign.h:2:
In file included from /home/xgong/Develop/apps/libclc/usr/local/include/clc/math/gentype.inc:6:
/home/xgong/Develop/apps/libclc/usr/local/include/clc/math/copysign.inc:1:39: warning: incompatible redeclaration of library function 'copysign' [-Wincompatible-library-redeclaration]
_CLC_OVERLOAD _CLC_DECL __CLC_GENTYPE copysign(__CLC_GENTYPE a, __CLC_GENTYPE b);
                                      ^
/home/xgong/Develop/apps/libclc/usr/local/include/clc/math/copysign.inc:1:39: note: 'copysign' is a builtin with type 'double (double, double)'
In file included from <built-in>:308:
In file included from <command line>:2:
In file included from /home/xgong/Develop/apps/libclc/usr/local/include/clc/clc.h:47:
In file included from /home/xgong/Develop/apps/libclc/usr/local/include/clc/math/cos.h:2:
In file included from /home/xgong/Develop/apps/libclc/usr/local/include/clc/math/gentype.inc:6:
/home/xgong/Develop/apps/libclc/usr/local/include/clc/math/cos.inc:1:39: warning: incompatible redeclaration of library function 'cos' [-Wincompatible-library-redeclaration]
_CLC_OVERLOAD _CLC_DECL __CLC_GENTYPE cos(__CLC_GENTYPE a);
                                      ^
/home/xgong/Develop/apps/libclc/usr/local/include/clc/math/cos.inc:1:39: note: 'cos' is a builtin with type 'double (double)'
In file included from <built-in>:308:
In file included from <command line>:2:
In file included from /home/xgong/Develop/apps/libclc/usr/local/include/clc/clc.h:50:
In file included from /home/xgong/Develop/apps/libclc/usr/local/include/clc/math/erfc.h:6:
In file included from /home/xgong/Develop/apps/libclc/usr/local/include/clc/math/gentype.inc:6:
/home/xgong/Develop/apps/libclc/usr/local/include/clc/math/unary_decl.inc:1:39: warning: incompatible redeclaration of library function 'erfc' [-Wincompatible-library-redeclaration]
_CLC_OVERLOAD _CLC_DECL __CLC_GENTYPE __CLC_FUNCTION(__CLC_GENTYPE x);
                                      ^
/home/xgong/Develop/apps/libclc/usr/local/include/clc/math/erfc.h:4:24: note: expanded from macro '__CLC_FUNCTION'
#define __CLC_FUNCTION erfc
                       ^
/home/xgong/Develop/apps/libclc/usr/local/include/clc/math/unary_decl.inc:1:39: note: 'erfc' is a builtin with type 'double (double)'
/home/xgong/Develop/apps/libclc/usr/local/include/clc/math/erfc.h:4:24: note: expanded from macro '__CLC_FUNCTION'
#define __CLC_FUNCTION erfc
                       ^
In file included from <built-in>:308:
In file included from <command line>:2:
In file included from /home/xgong/Develop/apps/libclc/usr/local/include/clc/clc.h:51:
In file included from /home/xgong/Develop/apps/libclc/usr/local/include/clc/math/exp.h:6:
In file included from /home/xgong/Develop/apps/libclc/usr/local/include/clc/math/gentype.inc:6:
/home/xgong/Develop/apps/libclc/usr/local/include/clc/math/unary_decl.inc:1:39: warning: incompatible redeclaration of library function 'exp' [-Wincompatible-library-redeclaration]
_CLC_OVERLOAD _CLC_DECL __CLC_GENTYPE __CLC_FUNCTION(__CLC_GENTYPE x);
                                      ^
/home/xgong/Develop/apps/libclc/usr/local/include/clc/math/exp.h:4:24: note: expanded from macro '__CLC_FUNCTION'
#define __CLC_FUNCTION exp
                       ^
/home/xgong/Develop/apps/libclc/usr/local/include/clc/math/unary_decl.inc:1:39: note: 'exp' is a builtin with type 'double (double)'
/home/xgong/Develop/apps/libclc/usr/local/include/clc/math/exp.h:4:24: note: expanded from macro '__CLC_FUNCTION'
#define __CLC_FUNCTION exp
                       ^
In file included from <built-in>:308:
In file included from <command line>:2:
In file included from /home/xgong/Develop/apps/libclc/usr/local/include/clc/clc.h:53:
In file included from /home/xgong/Develop/apps/libclc/usr/local/include/clc/math/exp2.h:24:
In file included from /home/xgong/Develop/apps/libclc/usr/local/include/clc/math/gentype.inc:6:
/home/xgong/Develop/apps/libclc/usr/local/include/clc/math/exp2.inc:23:39: warning: incompatible redeclaration of library function 'exp2' [-Wincompatible-library-redeclaration]
_CLC_OVERLOAD _CLC_DECL __CLC_GENTYPE exp2(__CLC_GENTYPE x);
                                      ^
/home/xgong/Develop/apps/libclc/usr/local/include/clc/math/exp2.inc:23:39: note: 'exp2' is a builtin with type 'double (double)'
In file included from <built-in>:308:
In file included from <command line>:2:
In file included from /home/xgong/Develop/apps/libclc/usr/local/include/clc/clc.h:57:
In file included from /home/xgong/Develop/apps/libclc/usr/local/include/clc/math/fmax.h:4:
In file included from /home/xgong/Develop/apps/libclc/usr/local/include/clc/math/gentype.inc:6:
/home/xgong/Develop/apps/libclc/usr/local/include/clc/math/binary_decl.inc:1:39: warning: incompatible redeclaration of library function 'fmax' [-Wincompatible-library-redeclaration]
_CLC_OVERLOAD _CLC_DECL __CLC_GENTYPE __CLC_FUNCTION(__CLC_GENTYPE a, __CLC_GENTYPE b);
                                      ^
/home/xgong/Develop/apps/libclc/usr/local/include/clc/math/fmax.h:2:24: note: expanded from macro '__CLC_FUNCTION'
#define __CLC_FUNCTION fmax
                       ^
/home/xgong/Develop/apps/libclc/usr/local/include/clc/math/binary_decl.inc:1:39: note: 'fmax' is a builtin with type 'double (double, double)'
/home/xgong/Develop/apps/libclc/usr/local/include/clc/math/fmax.h:2:24: note: expanded from macro '__CLC_FUNCTION'
#define __CLC_FUNCTION fmax
                       ^
In file included from <built-in>:308:
In file included from <command line>:2:
In file included from /home/xgong/Develop/apps/libclc/usr/local/include/clc/clc.h:58:
In file included from /home/xgong/Develop/apps/libclc/usr/local/include/clc/math/fmin.h:4:
In file included from /home/xgong/Develop/apps/libclc/usr/local/include/clc/math/gentype.inc:6:
/home/xgong/Develop/apps/libclc/usr/local/include/clc/math/binary_decl.inc:1:39: warning: incompatible redeclaration of library function 'fmin' [-Wincompatible-library-redeclaration]
_CLC_OVERLOAD _CLC_DECL __CLC_GENTYPE __CLC_FUNCTION(__CLC_GENTYPE a, __CLC_GENTYPE b);
                                      ^
/home/xgong/Develop/apps/libclc/usr/local/include/clc/math/fmin.h:2:24: note: expanded from macro '__CLC_FUNCTION'
#define __CLC_FUNCTION fmin
                       ^
/home/xgong/Develop/apps/libclc/usr/local/include/clc/math/binary_decl.inc:1:39: note: 'fmin' is a builtin with type 'double (double, double)'
/home/xgong/Develop/apps/libclc/usr/local/include/clc/math/fmin.h:2:24: note: expanded from macro '__CLC_FUNCTION'
#define __CLC_FUNCTION fmin
                       ^
In file included from <built-in>:308:
In file included from <command line>:2:
In file included from /home/xgong/Develop/apps/libclc/usr/local/include/clc/clc.h:59:
In file included from /home/xgong/Develop/apps/libclc/usr/local/include/clc/math/fmod.h:2:
In file included from /home/xgong/Develop/apps/libclc/usr/local/include/clc/math/gentype.inc:6:
/home/xgong/Develop/apps/libclc/usr/local/include/clc/math/fmod.inc:1:39: warning: incompatible redeclaration of library function 'fmod' [-Wincompatible-library-redeclaration]
_CLC_OVERLOAD _CLC_DECL __CLC_GENTYPE fmod(__CLC_GENTYPE a, __CLC_GENTYPE b);
                                      ^
/home/xgong/Develop/apps/libclc/usr/local/include/clc/math/fmod.inc:1:39: note: 'fmod' is a builtin with type 'double (double, double)'
In file included from <built-in>:308:
In file included from <command line>:2:
In file included from /home/xgong/Develop/apps/libclc/usr/local/include/clc/clc.h:63:
In file included from /home/xgong/Develop/apps/libclc/usr/local/include/clc/math/hypot.h:2:
In file included from /home/xgong/Develop/apps/libclc/usr/local/include/clc/math/gentype.inc:6:
/home/xgong/Develop/apps/libclc/usr/local/include/clc/math/hypot.inc:1:39: warning: incompatible redeclaration of library function 'hypot' [-Wincompatible-library-redeclaration]
_CLC_OVERLOAD _CLC_DECL __CLC_GENTYPE hypot(__CLC_GENTYPE x, __CLC_GENTYPE y);
                                      ^
/home/xgong/Develop/apps/libclc/usr/local/include/clc/math/hypot.inc:1:39: note: 'hypot' is a builtin with type 'double (double, double)'
In file included from <built-in>:308:
In file included from <command line>:2:
In file included from /home/xgong/Develop/apps/libclc/usr/local/include/clc/clc.h:64:
In file included from /home/xgong/Develop/apps/libclc/usr/local/include/clc/math/ldexp.h:24:
In file included from /home/xgong/Develop/apps/libclc/usr/local/include/clc/math/gentype.inc:6:
/home/xgong/Develop/apps/libclc/usr/local/include/clc/math/ldexp.inc:23:39: warning: incompatible redeclaration of library function 'ldexp' [-Wincompatible-library-redeclaration]
_CLC_OVERLOAD _CLC_DECL __CLC_GENTYPE ldexp(__CLC_GENTYPE x, int n);
                                      ^
/home/xgong/Develop/apps/libclc/usr/local/include/clc/math/ldexp.inc:23:39: note: 'ldexp' is a builtin with type 'double (double, int)'
In file included from <built-in>:308:
In file included from <command line>:2:
In file included from /home/xgong/Develop/apps/libclc/usr/local/include/clc/clc.h:65:
In file included from /home/xgong/Develop/apps/libclc/usr/local/include/clc/math/log.h:24:
In file included from /home/xgong/Develop/apps/libclc/usr/local/include/clc/math/gentype.inc:6:
/home/xgong/Develop/apps/libclc/usr/local/include/clc/math/log.inc:23:39: warning: incompatible redeclaration of library function 'log' [-Wincompatible-library-redeclaration]
_CLC_OVERLOAD _CLC_DECL __CLC_GENTYPE log(__CLC_GENTYPE a);
                                      ^
/home/xgong/Develop/apps/libclc/usr/local/include/clc/math/log.inc:23:39: note: 'log' is a builtin with type 'double (double)'
In file included from <built-in>:308:
In file included from <command line>:2:
In file included from /home/xgong/Develop/apps/libclc/usr/local/include/clc/clc.h:66:
In file included from /home/xgong/Develop/apps/libclc/usr/local/include/clc/math/log10.h:6:
In file included from /home/xgong/Develop/apps/libclc/usr/local/include/clc/math/gentype.inc:6:
/home/xgong/Develop/apps/libclc/usr/local/include/clc/math/unary_decl.inc:1:39: warning: incompatible redeclaration of library function 'log10' [-Wincompatible-library-redeclaration]
_CLC_OVERLOAD _CLC_DECL __CLC_GENTYPE __CLC_FUNCTION(__CLC_GENTYPE x);
                                      ^
/home/xgong/Develop/apps/libclc/usr/local/include/clc/math/log10.h:4:24: note: expanded from macro '__CLC_FUNCTION'
#define __CLC_FUNCTION log10
                       ^
/home/xgong/Develop/apps/libclc/usr/local/include/clc/math/unary_decl.inc:1:39: note: 'log10' is a builtin with type 'double (double)'
/home/xgong/Develop/apps/libclc/usr/local/include/clc/math/log10.h:4:24: note: expanded from macro '__CLC_FUNCTION'
#define __CLC_FUNCTION log10
                       ^
In file included from <built-in>:308:
In file included from <command line>:2:
In file included from /home/xgong/Develop/apps/libclc/usr/local/include/clc/clc.h:67:
In file included from /home/xgong/Develop/apps/libclc/usr/local/include/clc/math/log1p.h:24:
In file included from /home/xgong/Develop/apps/libclc/usr/local/include/clc/math/gentype.inc:6:
/home/xgong/Develop/apps/libclc/usr/local/include/clc/math/log1p.inc:23:39: warning: incompatible redeclaration of library function 'log1p' [-Wincompatible-library-redeclaration]
_CLC_OVERLOAD _CLC_DECL __CLC_GENTYPE log1p(__CLC_GENTYPE a);
                                      ^
/home/xgong/Develop/apps/libclc/usr/local/include/clc/math/log1p.inc:23:39: note: 'log1p' is a builtin with type 'double (double)'
In file included from <built-in>:308:
In file included from <command line>:2:
In file included from /home/xgong/Develop/apps/libclc/usr/local/include/clc/clc.h:68:
In file included from /home/xgong/Develop/apps/libclc/usr/local/include/clc/math/log2.h:24:
In file included from /home/xgong/Develop/apps/libclc/usr/local/include/clc/math/gentype.inc:6:
/home/xgong/Develop/apps/libclc/usr/local/include/clc/math/log2.inc:23:39: warning: incompatible redeclaration of library function 'log2' [-Wincompatible-library-redeclaration]
_CLC_OVERLOAD _CLC_DECL __CLC_GENTYPE log2(__CLC_GENTYPE a);
                                      ^
/home/xgong/Develop/apps/libclc/usr/local/include/clc/math/log2.inc:23:39: note: 'log2' is a builtin with type 'double (double)'
In file included from <built-in>:308:
In file included from <command line>:2:
In file included from /home/xgong/Develop/apps/libclc/usr/local/include/clc/clc.h:70:
In file included from /home/xgong/Develop/apps/libclc/usr/local/include/clc/math/nextafter.h:3:
In file included from /home/xgong/Develop/apps/libclc/usr/local/include/clc/math/gentype.inc:6:
/home/xgong/Develop/apps/libclc/usr/local/include/clc/math/binary_decl.inc:1:39: warning: incompatible redeclaration of library function 'nextafter' [-Wincompatible-library-redeclaration]
_CLC_OVERLOAD _CLC_DECL __CLC_GENTYPE __CLC_FUNCTION(__CLC_GENTYPE a, __CLC_GENTYPE b);
                                      ^
/home/xgong/Develop/apps/libclc/usr/local/include/clc/math/nextafter.h:2:24: note: expanded from macro '__CLC_FUNCTION'
#define __CLC_FUNCTION nextafter
                       ^
/home/xgong/Develop/apps/libclc/usr/local/include/clc/math/binary_decl.inc:1:39: note: 'nextafter' is a builtin with type 'double (double, double)'
/home/xgong/Develop/apps/libclc/usr/local/include/clc/math/nextafter.h:2:24: note: expanded from macro '__CLC_FUNCTION'
#define __CLC_FUNCTION nextafter
                       ^
In file included from <built-in>:308:
In file included from <command line>:2:
In file included from /home/xgong/Develop/apps/libclc/usr/local/include/clc/clc.h:75:
In file included from /home/xgong/Develop/apps/libclc/usr/local/include/clc/math/sin.h:2:
In file included from /home/xgong/Develop/apps/libclc/usr/local/include/clc/math/gentype.inc:6:
/home/xgong/Develop/apps/libclc/usr/local/include/clc/math/sin.inc:1:39: warning: incompatible redeclaration of library function 'sin' [-Wincompatible-library-redeclaration]
_CLC_OVERLOAD _CLC_DECL __CLC_GENTYPE sin(__CLC_GENTYPE a);
                                      ^
/home/xgong/Develop/apps/libclc/usr/local/include/clc/math/sin.inc:1:39: note: 'sin' is a builtin with type 'double (double)'
In file included from <built-in>:308:
In file included from <command line>:2:
In file included from /home/xgong/Develop/apps/libclc/usr/local/include/clc/clc.h:78:
In file included from /home/xgong/Develop/apps/libclc/usr/local/include/clc/math/sqrt.h:2:
In file included from /home/xgong/Develop/apps/libclc/usr/local/include/clc/math/gentype.inc:6:
/home/xgong/Develop/apps/libclc/usr/local/include/clc/math/sqrt.inc:1:39: warning: incompatible redeclaration of library function 'sqrt' [-Wincompatible-library-redeclaration]
_CLC_OVERLOAD _CLC_DECL __CLC_GENTYPE sqrt(__CLC_GENTYPE a);
                                      ^
/home/xgong/Develop/apps/libclc/usr/local/include/clc/math/sqrt.inc:1:39: note: 'sqrt' is a builtin with type 'double (double)'
In file included from <built-in>:308:
In file included from <command line>:2:
In file included from /home/xgong/Develop/apps/libclc/usr/local/include/clc/clc.h:79:
In file included from /home/xgong/Develop/apps/libclc/usr/local/include/clc/math/tan.h:2:
In file included from /home/xgong/Develop/apps/libclc/usr/local/include/clc/math/gentype.inc:6:
/home/xgong/Develop/apps/libclc/usr/local/include/clc/math/tan.inc:1:39: warning: incompatible redeclaration of library function 'tan' [-Wincompatible-library-redeclaration]
_CLC_OVERLOAD _CLC_DECL __CLC_GENTYPE tan(__CLC_GENTYPE x);
                                      ^
/home/xgong/Develop/apps/libclc/usr/local/include/clc/math/tan.inc:1:39: note: 'tan' is a builtin with type 'double (double)'
In file included from <built-in>:308:
In file included from <command line>:2:
In file included from /home/xgong/Develop/apps/libclc/usr/local/include/clc/clc.h:97:
In file included from /home/xgong/Develop/apps/libclc/usr/local/include/clc/integer/abs.h:2:
In file included from /home/xgong/Develop/apps/libclc/usr/local/include/clc/integer/gentype.inc:10:
/home/xgong/Develop/apps/libclc/usr/local/include/clc/integer/abs.inc:1:41: warning: incompatible redeclaration of library function 'abs' [-Wincompatible-library-redeclaration]
_CLC_OVERLOAD _CLC_DECL __CLC_U_GENTYPE abs(__CLC_GENTYPE x);
                                        ^
/home/xgong/Develop/apps/libclc/usr/local/include/clc/integer/abs.inc:1:41: note: 'abs' is a builtin with type 'int (int)'
26 warnings generated.
